  Determining projects to restore...
  All projects are up-to-date for restore.
  Gearbox.Domain -> C:\Users\Lenovo\RiderProjects\Gearbox-DEV\Gearbox.Domain\bin\Debug\net10.0\Gearbox.Domain.dll
C:\Users\Lenovo\RiderProjects\Gearbox-DEV\Gearbox.Infrastructure\Repositories\CustomerRepository.cs(48,51): error CS1061: 'Vehicle' does not contain a definition for 'LicensePlate' and no accessible extension method 'LicensePlate' accepting a first argument of type 'Vehicle' could be found (are you missing a using directive or an assembly reference?) [C:\Users\Lenovo\RiderProjects\Gearbox-DEV\Gearbox.Infrastructure\Gearbox.Infrastructure.csproj]

Build FAILED.

C:\Users\Lenovo\RiderProjects\Gearbox-DEV\Gearbox.Infrastructure\Repositories\CustomerRepository.cs(48,51): error CS1061: 'Vehicle' does not contain a definition for 'LicensePlate' and no accessible extension method 'LicensePlate' accepting a first argument of type 'Vehicle' could be found (are you missing a using directive or an assembly reference?) [C:\Users\Lenovo\RiderProjects\Gearbox-DEV\Gearbox.Infrastructure\Gearbox.Infrastructure.csproj]
    0 Warning(s)
    1 Error(s)

Time Elapsed 00:00:01.48
